2025-06-05 18:39:35,004 - masks - DEBUG - Успешно замаскирован номер карты: 7000792289606361
2025-06-05 18:39:35,009 - masks - ERROR - Ошибка маскировки карты 1234: Номер карты должен состоять из 16 цифр
Traceback (most recent call last):
  File "C:\Users\Татьяна\PycharmProjects\bank_widget\src\masks.py", line 45, in mask_card_number
    raise ValueError("Номер карты должен состоять из 16 цифр")
ValueError: Номер карты должен состоять из 16 цифр
2025-06-05 18:39:35,012 - masks - ERROR - Ошибка маскировки карты 700079228960636A: Номер карты должен состоять из 16 цифр
Traceback (most recent call last):
  File "C:\Users\Татьяна\PycharmProjects\bank_widget\src\masks.py", line 45, in mask_card_number
    raise ValueError("Номер карты должен состоять из 16 цифр")
ValueError: Номер карты должен состоять из 16 цифр
2025-06-05 18:39:35,012 - masks - ERROR - Ошибка маскировки карты 700079228960636123: Номер карты должен состоять из 16 цифр
Traceback (most recent call last):
  File "C:\Users\Татьяна\PycharmProjects\bank_widget\src\masks.py", line 45, in mask_card_number
    raise ValueError("Номер карты должен состоять из 16 цифр")
ValueError: Номер карты должен состоять из 16 цифр
2025-06-05 18:39:35,016 - masks - DEBUG - Успешно замаскирован номер счета: 73654108430135874305
2025-06-05 18:39:35,019 - masks - ERROR - Ошибка маскировки счета 123: Номер счёта должен содержать минимум 4 цифры
Traceback (most recent call last):
  File "C:\Users\Татьяна\PycharmProjects\bank_widget\src\masks.py", line 62, in mask_account
    raise ValueError("Номер счёта должен содержать минимум 4 цифры")
ValueError: Номер счёта должен содержать минимум 4 цифры
2025-06-05 18:39:35,019 - masks - ERROR - Ошибка маскировки счета 7365410843013587430A: Номер счёта должен содержать минимум 4 цифры
Traceback (most recent call last):
  File "C:\Users\Татьяна\PycharmProjects\bank_widget\src\masks.py", line 62, in mask_account
    raise ValueError("Номер счёта должен содержать минимум 4 цифры")
ValueError: Номер счёта должен содержать минимум 4 цифры
2025-06-05 18:39:35,020 - masks - ERROR - Ошибка маскировки счета : Номер счёта должен содержать минимум 4 цифры
Traceback (most recent call last):
  File "C:\Users\Татьяна\PycharmProjects\bank_widget\src\masks.py", line 62, in mask_account
    raise ValueError("Номер счёта должен содержать минимум 4 цифры")
ValueError: Номер счёта должен содержать минимум 4 цифры
2025-06-05 18:39:35,027 - masks - DEBUG - ТЕСТОВОЕ СООБЩЕНИЕ ДЛЯ ПРОВЕРКИ
2025-06-05 18:39:35,172 - masks - DEBUG - Успешно замаскирован номер карты: 7000792289606361
